../Core/Src/main.c:206:5:main	24	static
../Core/Src/main.c:465:6:SystemClock_Config	88	static
../Core/Src/main.c:512:13:MX_TIM2_Init	40	static
../Core/Src/main.c:557:13:MX_TIM3_Init	64	static
../Core/Src/main.c:616:13:MX_TIM4_Init	56	static
../Core/Src/main.c:665:13:MX_TIM5_Init	40	static
../Core/Src/main.c:710:13:MX_TIM16_Init	8	static
../Core/Src/main.c:746:13:MX_USART1_UART_Init	8	static
../Core/Src/main.c:794:13:MX_USART2_UART_Init	8	static
../Core/Src/main.c:840:13:MX_DMA_Init	16	static
../Core/Src/main.c:865:13:MX_GPIO_Init	48	static
../Core/Src/main.c:918:6:set_shelves	40	static
../Core/Src/main.c:964:6:set_goalpoint	4	static
../Core/Src/main.c:967:6:run_pointmode	32	static
../Core/Src/main.c:1005:6:set_home	8	static
../Core/Src/main.c:1055:6:run_jogmode	56	static
../Core/Src/main.c:1137:6:setMotor	16	static
../Core/Src/main.c:1160:6:HAL_UART_RxCpltCallback	16	static
../Core/Src/main.c:1169:6:UARTDMAConfig	8	static
../Core/Src/main.c:1175:6:update_position	4	static
../Core/Src/main.c:1188:6:HAL_TIM_PeriodElapsedCallback	24	static
../Core/Src/main.c:1196:10:micros	12	static
../Core/Src/main.c:1201:6:QEIEncoderPosVel_Update	24	static
../Core/Src/main.c:1234:6:trajectory	48	static
../Core/Src/main.c:1298:6:velocity_PID	24	static
../Core/Src/main.c:1317:6:position_PID	24	static
../Core/Src/main.c:1335:6:push	8	static
../Core/Src/main.c:1339:6:pull	8	static
../Core/Src/main.c:1343:6:vacuum	4	static
../Core/Src/main.c:1353:6:Error_Handler	4	static,ignoring_inline_asm
