../Core/Src/main.c:84:5:main	8	static
../Core/Src/main.c:149:6:SystemClock_Config	88	static
../Core/Src/main.c:196:13:MX_TIM2_Init	40	static
../Core/Src/main.c:241:13:MX_TIM16_Init	8	static
../Core/Src/main.c:277:13:MX_USART2_UART_Init	8	static
../Core/Src/main.c:323:13:MX_DMA_Init	16	static
../Core/Src/main.c:345:13:MX_GPIO_Init	48	static
../Core/Src/main.c:382:6:set_shelves	4	static
../Core/Src/main.c:390:6:set_goalpoint	4	static
../Core/Src/main.c:393:6:run_pointmode	4	static
../Core/Src/main.c:401:6:set_home	4	static
../Core/Src/main.c:410:6:pick_place	4	static
../Core/Src/main.c:414:6:run_jogmode	4	static
../Core/Src/main.c:429:6:Error_Handler	4	static,ignoring_inline_asm
